1 + 2 * 3                          = 7
(1 + 2) * 3                        = 9
-(4 - 10) % 4                      = 2
2 * (3 + 4) * 5 - 100 / 7          = 56
--7                                = 7
((((42))))                         = 42
9223372036854775807                = 9223372036854775807
7 / (3 - 3)                        error at column 3: division by zero
9223372036854775807 + 1            error at column 21: overflow
-9223372036854775807 - 1 - 1       error at column 26: overflow
99999999999999999999               error at column 1: number too large
1 + * 2                            error at column 5: expected a number or '('
(1 + 2                             error at column 7: expected ')'
1 + 2)                             error at column 6: unexpected input after expression
3 $ 4                              error at column 3: unexpected input after expression
                                   error at column 1: unexpected end of input
