tab	here "quoted" back\slash
 é
"tab\there \"quoted\" back\\slash\n\x01 é"
b'A' b'\'' b'\n' b'\x7f' b'\xe9'
'A' '\\' '\0' 'é'
-42 255 1.0 true
Option.Present("hi") Option.Absent
Result.Success(7) Result.Failure("no")
Present("hi") Absent Success(7) Failure("no")
Point { x: 1, y: -2 }
Box { value: "in", items: [1, 2, 3] }
Box { value: "in", items: [1, 2, 3] } Point { x: 1, y: -2 } Red
Tagged { color: Color.Green, where: Option.Present(Point { x: 1, y: -2 }) }
Secret { ... }
