atan: 2756 cases, 0 wrong
atan accurate: 2756 cases, 0 wrong
atan hard: 100 cases, 0 wrong
atan hard accurate: 100 cases, 0 wrong
atan special: 19 cases, 0 wrong
atan2: 2505 cases, 0 wrong
atan2 accurate: 2505 cases, 0 wrong
atan2 hard: 100 cases, 0 wrong
atan2 hard accurate: 100 cases, 0 wrong
atan2 special: 361 cases, 0 wrong
