log(NaN, 2) = NaN
log(2, NaN) = NaN
log(-1, 2) = NaN
log(2, -2) = NaN
log(+0, 2) = -inf
log(-0, 2) = -inf
log(+0, 0.5) = inf
log(+inf, 2) = inf
log(+inf, 0.5) = -inf
log(1, 2) = 0.0
log(1, 0.5) = -0.0
log(2, 1) = inf
log(0.5, 1) = -inf
log(1, 1) = NaN
log(2, +0) = -0.0
log(0.5, +0) = 0.0
log(2, +inf) = 0.0
log(0.5, +inf) = -0.0
log(+0, +0) = NaN
log(+inf, +inf) = NaN
log(+0, +inf) = NaN
log(8, 2) = 3.0
log(9, 3) = 2.0
log(2, 4) = 0.5
log(8, 4) = 1.5
log(0.5, 2) = -1.0
log(min subnormal, 2) = -16494.0
log(10, 10) = 1.0
log(10^30, 10) = 30.0
F128.log: 1672 pairs, 0 wrong
F128.log and the F128Big tier alone: 392 hard pairs, 0 wrong
