signum: 138 ok
classify: 138 ok
recip: 138 ok
div: 201 ok
hash: 138 ok
rem: 201 ok
remainder: 201 ok
div_euclid: 201 ok
rem_euclid: 201 ok
minimum: 201 ok
maximum: 201 ok
clamp: 124 ok
fdim: 201 ok
midpoint: 201 ok
next_up: 138 ok
next_down: 138 ok
scalbn: 168 ok
ilogb: 138 ok
logb: 138 ok
frexp_fraction: 138 ok
frexp_exponent: 138 ok
to_s8_clamp: 164 ok
to_s16_clamp: 164 ok
to_s32_clamp: 164 ok
to_u8_clamp: 164 ok
to_u16_clamp: 164 ok
to_u32_clamp: 164 ok
to_u64_clamp: 164 ok
to_u128_clamp: 164 ok
sin_pi: 498 ok
cos_pi: 530 ok
tan_pi: 498 ok
sin_pi_exact: 120 ok
cos_pi_exact: 152 ok
tan_pi_exact: 120 ok
