signum: 138 ok
classify: 138 ok
recip: 138 ok
fdiv: 201 ok
hash: 138 ok
frem: 201 ok
remainder: 201 ok
div_euclid: 201 ok
rem_euclid: 201 ok
minimum: 201 ok
maximum: 201 ok
clamp: 124 ok
fdim: 201 ok
midpoint: 201 ok
next_up: 138 ok
next_down: 138 ok
scalbn: 168 ok
ilogb: 138 ok
logb: 138 ok
frexp_fraction: 138 ok
frexp_exponent: 138 ok
to_i8: 164 ok
to_i16: 164 ok
to_i32: 164 ok
to_u8: 164 ok
to_u16: 164 ok
to_u32: 164 ok
to_u64: 164 ok
to_u128: 164 ok
sin_pi: 498 ok
cos_pi: 530 ok
tan_pi: 498 ok
sin_pi_exact: 120 ok
cos_pi_exact: 152 ok
tan_pi_exact: 120 ok
