create_dir_all: ok
create_dir_all again: ok
is_dir: true, is_file: false
write_file: ok
read_file: hello, 세계
size: 14
append: ok
size after append: 18
seek to end - 4: 14
read back: more
set_size 5: ok
size: 5
copy_file: 5 bytes, hello
rename: ok
old there: false, new there: true
rename_no_replace onto a file: AlreadyExists
CreateNew on a file: AlreadyExists
open missing: NotFound
set_readonly: ok
readonly: true
set_readonly off: ok
readonly: false
touch: ok
touched: true, size 0
open listing: ok
entries: 4, directories: 1, Korean name listed: true
file_name: file.txt, b
parent_path: [/a/b] [a] [] [/] [/]
file_stem: archive.tar, .hidden
file_extension: [gz] [] []
set_current_dir: ok
ends right: current_dir true, canonical true, absolute true
set_current_dir back: ok
map: hello
map 1..4: ell
map past the end: 0
after a mapped store: Jello
remove_dir_all: ok
root there: false
