create_all: ok
create_all again: ok
directory exists: true, is a file: false
write_all: ok
read_all: hello, 세계
size: 14
formatted write failed: false
size after append: 18
seek to end - 4: 14
read back: more
set_size 5: ok
size: 5
copy_to: 5 bytes, hello
move_to: ok
old there: false, new there: true
move_to_if_absent onto a file: AlreadyExists
create_new on a file: AlreadyExists
open missing: NotFound
set_readonly: ok
readonly: true
set_readonly off: ok
readonly: false
touch: ok
touched: true, size 0
open listing: ok
entries: 4, directories: 1, Korean name listed: true
name archive.tar.gz, stem archive.tar, extension gz, parent /a/b
parent_path: [a] [] [/] [/]
hidden: stem [.hidden], extension []; no extension: []
set_current: ok
names right: current true, canonical true, absolute true
set_current back: ok
map: hello
map 1..4: ell
map past the end: 0
after a mapped store: Jello
delete_all: ok
root there: false
