count 3 and 3, values 10 20 30
getitem_checked(2) Present(30), getitem_checked(3) Absent
getspan(1, 2): 20 30, first by address 10
after resize(5): count 5, kept 30, new 50
  one block: live 1, allocator calls 2
after resize(0): count 0
  given back: live 0, allocator calls 2
empty: count 0, getitem_checked(0) Absent
  after two destructs: live 0, allocator calls 2
rows: [1] [2, 3]
  three blocks: live 3, allocator calls 5
  after destruct_all: live 0, allocator calls 5
text: ok 2
in the end: live 0, allocator calls 6
construct_result: failed true, AllocFailed {}
resize_result: Failure(AllocFailed {}), count still 0
