literal after destruct: [a literal], borrowed true
concat: [Tessera], live 1
views destructed: [Tessera] [ess] 7, live 1
concat destructed: live 0, empty true, count 0, borrowed true, the copy kept its allocator true
second destruct: live 0
slice views destructed: 9 9, live 1
resized: count 8, kept 9, live 1
slice destructed: live 0, count 0, borrowed true
in the end: live 0
