array: count 5, total 15, last three 12
array after setitem: 10, getitem_checked(4) Present(5), getitem_checked(5) Absent
list: [2, 3, 5, 7], count 4, total 17, middle 8
an empty view at the end: count 0
owned: total 14, squares[3] 9, through the address 4
bytes: count 7, first b'T', part count 3, part starts with b'e'
atomic: was 0, now 5. volatile: 9. plain: 4
