f32 add: 0 mismatches
f64 add: 0 mismatches
f32 sub: 0 mismatches
f64 sub: 0 mismatches
f32 mul: 0 mismatches
f64 mul: 0 mismatches
f32 div: 0 mismatches
f64 div: 0 mismatches
f32 mod: 0 mismatches
f64 mod: 0 mismatches
f32 compare: 0 mismatches
f64 compare: 0 mismatches
f32 powi: 0 mismatches
f64 powi: 0 mismatches
unary (sqrt, conversions): 0 mismatches
f16 (every value): 0 mismatches
integers: 0 mismatches
