standard output: 한글
한
output is a terminal: false, input: false
line: [first line]
line: [두 번째 줄]
word: [alpha]
word: [beta]
count 3: [  g]
line: [amma-rest of it]
all: [last part, no newline]
line at the end: none
word at the end: none
line at the end, default heap: none
word at the end, default heap: none
