DepthReachedError: The recursion reached the bottom.
Stack trace:
  0: at descend (tests/trace_ring/src/main.tess:41:15)
  1: at descend (tests/trace_ring/src/main.tess:45:16)
  2: at descend (tests/trace_ring/src/main.tess:45:16)
  3: at descend (tests/trace_ring/src/main.tess:45:16)
  4: at descend (tests/trace_ring/src/main.tess:45:16)
  5: at descend (tests/trace_ring/src/main.tess:45:16)
  6: at descend (tests/trace_ring/src/main.tess:45:16)
  7: at descend (tests/trace_ring/src/main.tess:45:16)
  8: at descend (tests/trace_ring/src/main.tess:45:16)
  9: at descend (tests/trace_ring/src/main.tess:45:16)
  10: at descend (tests/trace_ring/src/main.tess:45:16)
  11: at descend (tests/trace_ring/src/main.tess:45:16)
  12: at descend (tests/trace_ring/src/main.tess:45:16)
  13: at descend (tests/trace_ring/src/main.tess:45:16)
  14: at descend (tests/trace_ring/src/main.tess:45:16)
  15: at descend (tests/trace_ring/src/main.tess:45:16)
  16: at descend (tests/trace_ring/src/main.tess:45:16)
  17: at descend (tests/trace_ring/src/main.tess:45:16)
  18: at descend (tests/trace_ring/src/main.tess:45:16)
  19: at descend (tests/trace_ring/src/main.tess:45:16)
  20: at descend (tests/trace_ring/src/main.tess:45:16)
  21: at descend (tests/trace_ring/src/main.tess:45:16)
  22: at descend (tests/trace_ring/src/main.tess:45:16)
  23: at descend (tests/trace_ring/src/main.tess:45:16)
  24: at descend (tests/trace_ring/src/main.tess:45:16)
  25: at descend (tests/trace_ring/src/main.tess:45:16)
  26: at descend (tests/trace_ring/src/main.tess:45:16)
  27: at descend (tests/trace_ring/src/main.tess:45:16)
  28: at descend (tests/trace_ring/src/main.tess:45:16)
  29: at descend (tests/trace_ring/src/main.tess:45:16)
  30: at descend (tests/trace_ring/src/main.tess:45:16)
  31: at descend (tests/trace_ring/src/main.tess:45:16)
  ... (42 frames total)
